// Jest Snapshot v1, https://goo.gl/fbAQLP

exports[`Row should render correctly 1`] = `
<View
  collapsable={true}
  pointerEvents="box-none"
  style={
    Object {
      "flex": 1,
    }
  }
>
  <View
    style={
      Object {
        "flexDirection": "row",
      }
    }
  >
    <View
      style={
        Object {
          "backgroundColor": "#ddccbb",
          "borderRadius": 5,
          "height": 68,
          "margin": 5,
          "width": 68,
        }
      }
    />
    <View
      style={
        Object {
          "backgroundColor": "#ddccbb",
          "borderRadius": 5,
          "height": 68,
          "margin": 5,
          "width": 68,
        }
      }
    />
    <View
      style={
        Object {
          "backgroundColor": "#ddccbb",
          "borderRadius": 5,
          "height": 68,
          "margin": 5,
          "width": 68,
        }
      }
    />
    <View
      style={
        Object {
          "backgroundColor": "#ddccbb",
          "borderRadius": 5,
          "height": 68,
          "margin": 5,
          "width": 68,
        }
      }
    />
  </View>
</View>
`;
